
College of Engineering Students,

We are contacting you to request that you consider nominating a College
of Engineering faculty member for the College's 2003 Excellence in
Teaching Award.  The award criteria and nomination form are attached. 
They can also be found on the web at:

&#9;&lt;<a href="http://www.ce.udel.edu/teaching_award.html">http://www.ce.udel.edu/teaching_award.html</a>&gt;
&#9;&lt;<a href="http://www.ce.udel.edu/nomination_form.html">http://www.ce.udel.edu/nomination_form.html</a>&gt;