Subject: this is a simple test
CC: this header should be preserved
BCC: but not this one

This is the body of the message.
There are several lines to it. Oh boy oh boy.