Subject: this is a simple test
Other: let's not use CC here.
NotBCC: definitely not BCC
  however this one is definitely continued

This is the body of the message.